69.181.160.120 - - [08/Feb/2015:05:28:52 +0000] "GET /ajax/planStatusHistoryNeighbouringSummaries.action?planKey=COOP-DBT&buildNumber=284&_=1423341312823 HTTP/1.1" 200 508 "http://builds.cask.co/browse/COOP-DBT-284/log" "Mozilla/5.0 (Macintosh; Intel Mac OS X 10_10_1) AppleWebKit/537.36 (KHTML, like Gecko) Chrome/38.0.2125.122 Safari/537.36"
69.181.160.120 - - [08/Feb/2015:05:29:07 +0000] "GET /ajax/planStatusHistoryNeighbouringSummaries.action?planKey=COOP-DBT&buildNumber=284&_=1423341312824 HTTP/1.1" 200 508 "http://builds.cask.co/browse/COOP-DBT-284/log" "Mozilla/5.0 (Macintosh; Intel Mac OS X 10_10_1) AppleWebKit/537.36 (KHTML, like Gecko) Chrome/38.0.2125.122 Safari/537.36"
69.181.160.120 - - [08/Feb/2015:05:29:17 +0000] "GET /rest/api/latest/server?_=1423341312825 HTTP/1.1" 200 45 "http://builds.cask.co/browse/COOP-DBT-284/log" "Mozilla/5.0 (Macintosh; Intel Mac OS X 10_10_1) AppleWebKit/537.36 (KHTML, like Gecko) Chrome/38.0.2125.122 Safari/537.36"
69.181.160.120 - - [08/Feb/2015:05:29:23 +0000] "GET /ajax/planStatusHistoryNeighbouringSummaries.action?planKey=COOP-DBT&buildNumber=284&_=1423341312826 HTTP/1.1" 200 508 "http://builds.cask.co/browse/COOP-DBT-284/log" "Mozilla/5.0 (Macintosh; Intel Mac OS X 10_10_1) AppleWebKit/537.36 (KHTML, like Gecko) Chrome/38.0.2125.122 Safari/537.36"
69.181.160.120 - - [08/Feb/2015:05:29:39 +0000] "GET /ajax/planStatusHistoryNeighbouringSummaries.action?planKey=COOP-DBT&buildNumber=284&_=1423341312827 HTTP/1.1" 200 508 "http://builds.cask.co/browse/COOP-DBT-284/log" "Mozilla/5.0 (Macintosh; Intel Mac OS X 10_10_1) AppleWebKit/537.36 (KHTML, like Gecko) Chrome/38.0.2125.122 Safari/537.36"
69.181.160.120 - - [08/Feb/2015:05:29:47 +0000] "GET /rest/api/latest/server?_=1423341312828 HTTP/1.1" 200 45 "http://builds.cask.co/browse/COOP-DBT-284/log" "Mozilla/5.0 (Macintosh; Intel Mac OS X 10_10_1) AppleWebKit/537.36 (KHTML, like Gecko) Chrome/38.0.2125.122 Safari/537.36"
69.181.160.120 - - [08/Feb/2015:05:29:54 +0000] "GET /ajax/planStatusHistoryNeighbouringSummaries.action?planKey=COOP-DBT&buildNumber=284&_=1423341312829 HTTP/1.1" 200 508 "http://builds.cask.co/browse/COOP-DBT-284/log" "Mozilla/5.0 (Macintosh; Intel Mac OS X 10_10_1) AppleWebKit/537.36 (KHTML, like Gecko) Chrome/38.0.2125.122 Safari/537.36"
69.181.160.120 - - [08/Feb/2015:05:30:10 +0000] "GET /ajax/planStatusHistoryNeighbouringSummaries.action?planKey=COOP-DBT&buildNumber=284&_=1423341312830 HTTP/1.1" 200 508 "http://builds.cask.co/browse/COOP-DBT-284/log" "Mozilla/5.0 (Macintosh; Intel Mac OS X 10_10_1) AppleWebKit/537.36 (KHTML, like Gecko) Chrome/38.0.2125.122 Safari/537.36"
69.181.160.120 - - [08/Feb/2015:05:30:17 +0000] "GET /rest/api/latest/server?_=1423341312831 HTTP/1.1" 200 45 "http://builds.cask.co/browse/COOP-DBT-284/log" "Mozilla/5.0 (Macintosh; Intel Mac OS X 10_10_1) AppleWebKit/537.36 (KHTML, like Gecko) Chrome/38.0.2125.122 Safari/537.36"
123.125.71.58 - - [08/Feb/2015:05:30:20 +0000] "GET /browse/COOP-DBT-38/commit;jsessionid=C7B58945F68630C7C92B7AA928E0AC4E HTTP/1.1" 200 7166 "-" "Mozilla/5.0 (compatible; Baiduspider/2.0; +http://www.baidu.com/search/spider.html)"
123.125.71.27 - - [08/Feb/2015:05:30:20 +0000] "GET /s/edc17b4a2d83e91e89e6a342791fc7a8-CDN/en_US/4411/1/5dddb6ea4dc4fd5569d992cf603f31e5/_/download/contextbatch2/js/atl.general,bamboo.result/batch.js?locale=en-US HTTP/1.1" 200 397963 "http://builds.cask.co/browse/COOP-DBT-38/commit;jsessionid=C7B58945F68630C7C92B7AA928E0AC4E" "Mozilla/5.0 (compatible; Baiduspider/2.0; +http://www.baidu.com/search/spider.html)"
123.125.71.27 - - [08/Feb/2015:05:30:23 +0000] "GET /rest/pref/latest/user/?expand=preferences.preference HTTP/1.1" 200 189 "http://builds.cask.co/browse/COOP-DBT-38/commit;jsessionid=C7B58945F68630C7C92B7AA928E0AC4E" "Mozilla/5.0 (compatible; Baiduspider/2.0; +http://www.baidu.com/search/spider.html)"
123.125.71.58 - - [08/Feb/2015:05:30:23 +0000] "GET /rest/menu/latest/appswitcher?_=1423373423317 HTTP/1.1" 200 638 "http://builds.cask.co/browse/COOP-DBT-38/commit;jsessionid=C7B58945F68630C7C92B7AA928E0AC4E" "Mozilla/5.0 (compatible; Baiduspider/2.0; +http://www.baidu.com/search/spider.html)"
123.125.71.27 - - [08/Feb/2015:05:30:23 +0000] "GET /ajax/planStatusHistoryNeighbouringSummaries.action?planKey=COOP-DBT&buildNumber=38&_=1423373423318 HTTP/1.1" 200 424 "http://builds.cask.co/browse/COOP-DBT-38/commit;jsessionid=C7B58945F68630C7C92B7AA928E0AC4E" "Mozilla/5.0 (compatible; Baiduspider/2.0; +http://www.baidu.com/search/spider.html)"
69.181.160.120 - - [08/Feb/2015:05:30:26 +0000] "GET /ajax/planStatusHistoryNeighbouringSummaries.action?planKey=COOP-DBT&buildNumber=284&_=1423341312832 HTTP/1.1" 200 508 "http://builds.cask.co/browse/COOP-DBT-284/log" "Mozilla/5.0 (Macintosh; Intel Mac OS X 10_10_1) AppleWebKit/537.36 (KHTML, like Gecko) Chrome/38.0.2125.122 Safari/537.36"
69.181.160.120 - - [08/Feb/2015:05:30:41 +0000] "GET /ajax/planStatusHistoryNeighbouringSummaries.action?planKey=COOP-DBT&buildNumber=284&_=1423341312833 HTTP/1.1" 200 508 "http://builds.cask.co/browse/COOP-DBT-284/log" "Mozilla/5.0 (Macintosh; Intel Mac OS X 10_10_1) AppleWebKit/537.36 (KHTML, like Gecko) Chrome/38.0.2125.122 Safari/537.36"
69.181.160.120 - - [08/Feb/2015:05:30:47 +0000] "GET /rest/api/latest/server?_=1423341312834 HTTP/1.1" 200 45 "http://builds.cask.co/browse/COOP-DBT-284/log" "Mozilla/5.0 (Macintosh; Intel Mac OS X 10_10_1) AppleWebKit/537.36 (KHTML, like Gecko) Chrome/38.0.2125.122 Safari/537.36"
69.181.160.120 - - [08/Feb/2015:05:30:57 +0000] "GET /ajax/planStatusHistoryNeighbouringSummaries.action?planKey=COOP-DBT&buildNumber=284&_=1423341312835 HTTP/1.1" 200 508 "http://builds.cask.co/browse/COOP-DBT-284/log" "Mozilla/5.0 (Macintosh; Intel Mac OS X 10_10_1) AppleWebKit/537.36 (KHTML, like Gecko) Chrome/38.0.2125.122 Safari/537.36"
69.181.160.120 - - [08/Feb/2015:05:31:13 +0000] "GET /ajax/planStatusHistoryNeighbouringSummaries.action?planKey=COOP-DBT&buildNumber=284&_=1423341312836 HTTP/1.1" 200 508 "http://builds.cask.co/browse/COOP-DBT-284/log" "Mozilla/5.0 (Macintosh; Intel Mac OS X 10_10_1) AppleWebKit/537.36 (KHTML, like Gecko) Chrome/38.0.2125.122 Safari/537.36"
69.181.160.120 - - [08/Feb/2015:05:31:17 +0000] "GET /rest/api/latest/server?_=1423341312837 HTTP/1.1" 200 45 "http://builds.cask.co/browse/COOP-DBT-284/log" "Mozilla/5.0 (Macintosh; Intel Mac OS X 10_10_1) AppleWebKit/537.36 (KHTML, like Gecko) Chrome/38.0.2125.122 Safari/537.36"
69.181.160.120 - - [08/Feb/2015:05:31:28 +0000] "GET /ajax/planStatusHistoryNeighbouringSummaries.action?planKey=COOP-DBT&buildNumber=284&_=1423341312838 HTTP/1.1" 200 508 "http://builds.cask.co/browse/COOP-DBT-284/log" "Mozilla/5.0 (Macintosh; Intel Mac OS X 10_10_1) AppleWebKit/537.36 (KHTML, like Gecko) Chrome/38.0.2125.122 Safari/537.36"
69.181.160.120 - - [08/Feb/2015:05:31:44 +0000] "GET /ajax/planStatusHistoryNeighbouringSummaries.action?planKey=COOP-DBT&buildNumber=284&_=1423341312839 HTTP/1.1" 200 508 "http://builds.cask.co/browse/COOP-DBT-284/log" "Mozilla/5.0 (Macintosh; Intel Mac OS X 10_10_1) AppleWebKit/537.36 (KHTML, like Gecko) Chrome/38.0.2125.122 Safari/537.36"
69.181.160.120 - - [08/Feb/2015:05:31:47 +0000] "GET /rest/api/latest/server?_=1423341312840 HTTP/1.1" 200 45 "http://builds.cask.co/browse/COOP-DBT-284/log" "Mozilla/5.0 (Macintosh; Intel Mac OS X 10_10_1) AppleWebKit/537.36 (KHTML, like Gecko) Chrome/38.0.2125.122 Safari/537.36"
69.181.160.120 - - [08/Feb/2015:05:32:00 +0000] "GET /ajax/planStatusHistoryNeighbouringSummaries.action?planKey=COOP-DBT&buildNumber=284&_=1423341312841 HTTP/1.1" 200 508 "http://builds.cask.co/browse/COOP-DBT-284/log" "Mozilla/5.0 (Macintosh; Intel Mac OS X 10_10_1) AppleWebKit/537.36 (KHTML, like Gecko) Chrome/38.0.2125.122 Safari/537.36"
69.181.160.120 - - [08/Feb/2015:05:32:15 +0000] "GET /ajax/planStatusHistoryNeighbouringSummaries.action?planKey=COOP-DBT&buildNumber=284&_=1423341312842 HTTP/1.1" 200 508 "http://builds.cask.co/browse/COOP-DBT-284/log" "Mozilla/5.0 (Macintosh; Intel Mac OS X 10_10_1) AppleWebKit/537.36 (KHTML, like Gecko) Chrome/38.0.2125.122 Safari/537.36"
108.206.32.124 - - [08/Feb/2015:05:32:16 +0000] "GET /browse/CDAP-DUT725-8 HTTP/1.1" 200 7898 "-" "Mozilla/5.0 (Macintosh; Intel Mac OS X 10_9_5) AppleWebKit/537.36 (KHTML, like Gecko) Chrome/39.0.2171.95 Safari/537.36"
108.206.32.124 - - [08/Feb/2015:05:32:17 +0000] "GET /s/d41d8cd98f00b204e9800998ecf8427e-CDN/en_US/4411/1/1.0/_/download/batch/bamboo.web.resources:base-model/bamboo.web.resources:base-model.js HTTP/1.1" 200 259 "http://builds.cask.co/browse/CDAP-DUT725-8" "Mozilla/5.0 (Macintosh; Intel Mac OS X 10_9_5) AppleWebKit/537.36 (KHTML, like Gecko) Chrome/39.0.2171.95 Safari/537.36"
108.206.32.124 - - [08/Feb/2015:05:32:17 +0000] "GET /s/d41d8cd98f00b204e9800998ecf8427e-CDN/en_US/4411/1/1.0/_/download/batch/bamboo.web.resources:model-deployment-version/bamboo.web.resources:model-deployment-version.js HTTP/1.1" 200 591 "http://builds.cask.co/browse/CDAP-DUT725-8" "Mozilla/5.0 (Macintosh; Intel Mac OS X 10_9_5) AppleWebKit/537.36 (KHTML, like Gecko) Chrome/39.0.2171.95 Safari/537.36"
108.206.32.124 - - [08/Feb/2015:05:32:17 +0000] "GET /s/d41d8cd98f00b204e9800998ecf8427e-CDN/en_US/4411/1/1.0/_/download/batch/bamboo.web.resources:model-deployment-result/bamboo.web.resources:model-deployment-result.js HTTP/1.1" 200 363 "http://builds.cask.co/browse/CDAP-DUT725-8" "Mozilla/5.0 (Macintosh; Intel Mac OS X 10_9_5) AppleWebKit/537.36 (KHTML, like Gecko) Chrome/39.0.2171.95 Safari/537.36"
69.181.160.120 - - [08/Feb/2015:05:32:17 +0000] "GET /rest/api/latest/server?_=1423341312843 HTTP/1.1" 200 45 "http://builds.cask.co/browse/COOP-DBT-284/log" "Mozilla/5.0 (Macintosh; Intel Mac OS X 10_10_1) AppleWebKit/537.36 (KHTML, like Gecko) Chrome/38.0.2125.122 Safari/537.36"
108.206.32.124 - - [08/Feb/2015:05:32:17 +0000] "GET /s/d41d8cd98f00b204e9800998ecf8427e-T/en_US/4411/1/3.5.7/_/download/batch/com.atlassian.support.stp:stp-license-status-resources/com.atlassian.support.stp:stp-license-status-resources.css HTTP/1.1" 200 383 "http://builds.cask.co/browse/CDAP-DUT725-8" "Mozilla/5.0 (Macintosh; Intel Mac OS X 10_9_5) AppleWebKit/537.36 (KHTML, like Gecko) Chrome/39.0.2171.95 Safari/537.36"
108.206.32.124 - - [08/Feb/2015:05:32:17 +0000] "GET /s/d41d8cd98f00b204e9800998ecf8427e-CDN/en_US/4411/1/1.0/_/download/batch/bamboo.web.resources:model-deployment-operations/bamboo.web.resources:model-deployment-operations.js HTTP/1.1" 200 257 "http://builds.cask.co/browse/CDAP-DUT725-8" "Mozilla/5.0 (Macintosh; Intel Mac OS X 10_9_5) AppleWebKit/537.36 (KHTML, like Gecko) Chrome/39.0.2171.95 Safari/537.36"
108.206.32.124 - - [08/Feb/2015:05:32:17 +0000] "GET /s/d41d8cd98f00b204e9800998ecf8427e-CDN/en_US/4411/1/1.0/_/download/batch/bamboo.web.resources:model-deployment-environment/bamboo.web.resources:model-deployment-environment.js HTTP/1.1" 200 259 "http://builds.cask.co/browse/CDAP-DUT725-8" "Mozilla/5.0 (Macintosh; Intel Mac OS X 10_9_5) AppleWebKit/537.36 (KHTML, like Gecko) Chrome/39.0.2171.95 Safari/537.36"
108.206.32.124 - - [08/Feb/2015:05:32:17 +0000] "GET /s/d41d8cd98f00b204e9800998ecf8427e-CDN/en_US/4411/1/1.0/_/download/batch/bamboo.web.resources:model-deployment-project/bamboo.web.resources:model-deployment-project.js HTTP/1.1" 200 314 "http://builds.cask.co/browse/CDAP-DUT725-8" "Mozilla/5.0 (Macintosh; Intel Mac OS X 10_9_5) AppleWebKit/537.36 (KHTML, like Gecko) Chrome/39.0.2171.95 Safari/537.36"
108.206.32.124 - - [08/Feb/2015:05:32:17 +0000] "GET /s/71095c56c641f2c4a4f189b9dfcd7a38-CDN/en_US/4411/1/5.6.2/_/download/batch/bamboo.deployments:deployment-project-list/bamboo.deployments:deployment-project-list.js?locale=en-US HTTP/1.1" 200 2892 "http://builds.cask.co/browse/CDAP-DUT725-8" "Mozilla/5.0 (Macintosh; Intel Mac OS X 10_9_5) AppleWebKit/537.36 (KHTML, like Gecko) Chrome/39.0.2171.95 Safari/537.36"
108.206.32.124 - - [08/Feb/2015:05:32:17 +0000] "GET /s/d41d8cd98f00b204e9800998ecf8427e-CDN/en_US/4411/1/5dddb6ea4dc4fd5569d992cf603f31e5/_/download/contextbatch2/css/atl.general,bamboo.result/batch.css HTTP/1.1" 200 105899 "http://builds.cask.co/browse/CDAP-DUT725-8" "Mozilla/5.0 (Macintosh; Intel Mac OS X 10_9_5) AppleWebKit/537.36 (KHTML, like Gecko) Chrome/39.0.2171.95 Safari/537.36"
108.206.32.124 - - [08/Feb/2015:05:32:17 +0000] "GET /s/71095c56c641f2c4a4f189b9dfcd7a38-T/en_US/4411/1/3.5.7/_/download/batch/com.atlassian.support.stp:stp-license-status-resources/com.atlassian.support.stp:stp-license-status-resources.js?locale=en-US HTTP/1.1" 200 959 "http://builds.cask.co/browse/CDAP-DUT725-8" "Mozilla/5.0 (Macintosh; Intel Mac OS X 10_9_5) AppleWebKit/537.36 (KHTML, like Gecko) Chrome/39.0.2171.95 Safari/537.36"
108.206.32.124 - - [08/Feb/2015:05:32:18 +0000] "GET /images/project-shortcut.png HTTP/1.1" 200 1616 "http://builds.cask.co/browse/CDAP-DUT725-8" "Mozilla/5.0 (Macintosh; Intel Mac OS X 10_9_5) AppleWebKit/537.36 (KHTML, like Gecko) Chrome/39.0.2171.95 Safari/537.36"
108.206.32.124 - - [08/Feb/2015:05:32:17 +0000] "GET /s/edc17b4a2d83e91e89e6a342791fc7a8-CDN/en_US/4411/1/5dddb6ea4dc4fd5569d992cf603f31e5/_/download/contextbatch2/js/atl.general,bamboo.result/batch.js?locale=en-US HTTP/1.1" 200 397963 "http://builds.cask.co/browse/CDAP-DUT725-8" "Mozilla/5.0 (Macintosh; Intel Mac OS X 10_9_5) AppleWebKit/537.36 (KHTML, like Gecko) Chrome/39.0.2171.95 Safari/537.36"
108.206.32.124 - - [08/Feb/2015:05:32:19 +0000] "GET /rest/pref/latest/user/?expand=preferences.preference HTTP/1.1" 200 409 "http://builds.cask.co/browse/CDAP-DUT725-8" "Mozilla/5.0 (Macintosh; Intel Mac OS X 10_9_5) AppleWebKit/537.36 (KHTML, like Gecko) Chrome/39.0.2171.95 Safari/537.36"
108.206.32.124 - - [08/Feb/2015:05:32:19 +0000] "GET /s/en_US/4411/1/1.0/_/images/iconsv4/icon-build-failed.png HTTP/1.1" 200 225 "http://builds.cask.co/s/d41d8cd98f00b204e9800998ecf8427e-CDN/en_US/4411/1/5dddb6ea4dc4fd5569d992cf603f31e5/_/download/contextbatch2/css/atl.general,bamboo.result/batch.css" "Mozilla/5.0 (Macintosh; Intel Mac OS X 10_9_5) AppleWebKit/537.36 (KHTML, like Gecko) Chrome/39.0.2171.95 Safari/537.36"
108.206.32.124 - - [08/Feb/2015:05:32:19 +0000] "GET /rest/api/latest/result/status/CDAP-DUT725-8?expand=stages.stage.results.result&_=1423373539645 HTTP/1.1" 200 828 "http://builds.cask.co/browse/CDAP-DUT725-8" "Mozilla/5.0 (Macintosh; Intel Mac OS X 10_9_5) AppleWebKit/537.36 (KHTML, like Gecko) Chrome/39.0.2171.95 Safari/537.36"
108.206.32.124 - - [08/Feb/2015:05:32:19 +0000] "GET /s/en_US/4411/1/1.0/_/images/iconsv4/icon-build-successful.png HTTP/1.1" 200 261 "http://builds.cask.co/s/d41d8cd98f00b204e9800998ecf8427e-CDN/en_US/4411/1/5dddb6ea4dc4fd5569d992cf603f31e5/_/download/contextbatch2/css/atl.general,bamboo.result/batch.css" "Mozilla/5.0 (Macintosh; Intel Mac OS X 10_9_5) AppleWebKit/537.36 (KHTML, like Gecko) Chrome/39.0.2171.95 Safari/537.36"
108.206.32.124 - - [08/Feb/2015:05:32:19 +0000] "GET /rest/menu/latest/appswitcher?_=1423373539644 HTTP/1.1" 200 638 "http://builds.cask.co/browse/CDAP-DUT725-8" "Mozilla/5.0 (Macintosh; Intel Mac OS X 10_9_5) AppleWebKit/537.36 (KHTML, like Gecko) Chrome/39.0.2171.95 Safari/537.36"
108.206.32.124 - - [08/Feb/2015:05:32:19 +0000] "GET /s/en_US/4411/1/1.0/_/images/iconsv4/icon-build-queued.png HTTP/1.1" 200 225 "http://builds.cask.co/s/d41d8cd98f00b204e9800998ecf8427e-CDN/en_US/4411/1/5dddb6ea4dc4fd5569d992cf603f31e5/_/download/contextbatch2/css/atl.general,bamboo.result/batch.css" "Mozilla/5.0 (Macintosh; Intel Mac OS X 10_9_5) AppleWebKit/537.36 (KHTML, like Gecko) Chrome/39.0.2171.95 Safari/537.36"
108.206.32.124 - - [08/Feb/2015:05:32:19 +0000] "GET /s/en_US/4411/1/5.4.4/_/download/resources/com.atlassian.auiplugin:aui-experimental-iconfont/atlassian-icons.woff HTTP/1.1" 200 9268 "http://builds.cask.co/s/d41d8cd98f00b204e9800998ecf8427e-CDN/en_US/4411/1/5dddb6ea4dc4fd5569d992cf603f31e5/_/download/contextbatch2/css/atl.general,bamboo.result/batch.css" "Mozilla/5.0 (Macintosh; Intel Mac OS X 10_9_5) AppleWebKit/537.36 (KHTML, like Gecko) Chrome/39.0.2171.95 Safari/537.36"
108.206.32.124 - - [08/Feb/2015:05:32:20 +0000] "GET /rest/nav-links-analytics-data/1.0/ HTTP/1.1" 200 20 "http://builds.cask.co/browse/CDAP-DUT725-8" "Mozilla/5.0 (Macintosh; Intel Mac OS X 10_9_5) AppleWebKit/537.36 (KHTML, like Gecko) Chrome/39.0.2171.95 Safari/537.36"
108.206.32.124 - - [08/Feb/2015:05:32:20 +0000] "GET /rest/api/latest/server?_=1423373539646 HTTP/1.1" 200 45 "http://builds.cask.co/browse/CDAP-DUT725-8" "Mozilla/5.0 (Macintosh; Intel Mac OS X 10_9_5) AppleWebKit/537.36 (KHTML, like Gecko) Chrome/39.0.2171.95 Safari/537.36"
108.206.32.124 - - [08/Feb/2015:05:32:20 +0000] "GET /rest/stp/1.0/license/status HTTP/1.1" 204 - "http://builds.cask.co/browse/CDAP-DUT725-8" "Mozilla/5.0 (Macintosh; Intel Mac OS X 10_9_5) AppleWebKit/537.36 (KHTML, like Gecko) Chrome/39.0.2171.95 Safari/537.36"
108.206.32.124 - - [08/Feb/2015:05:32:20 +0000] "GET /s/en_US/4411/1/1.0/_/images/iconsv4/icon-build-queued-w.png HTTP/1.1" 200 225 "http://builds.cask.co/s/d41d8cd98f00b204e9800998ecf8427e-CDN/en_US/4411/1/5dddb6ea4dc4fd5569d992cf603f31e5/_/download/contextbatch2/css/atl.general,bamboo.result/batch.css" "Mozilla/5.0 (Macintosh; Intel Mac OS X 10_9_5) AppleWebKit/537.36 (KHTML, like Gecko) Chrome/39.0.2171.95 Safari/537.36"
108.206.32.124 - - [08/Feb/2015:05:32:20 +0000] "GET /s/en_US/4411/1/1.0/_/images/iconsv4/icon-plan-run.png HTTP/1.1" 200 259 "http://builds.cask.co/s/d41d8cd98f00b204e9800998ecf8427e-CDN/en_US/4411/1/5dddb6ea4dc4fd5569d992cf603f31e5/_/download/contextbatch2/css/atl.general,bamboo.result/batch.css" "Mozilla/5.0 (Macintosh; Intel Mac OS X 10_9_5) AppleWebKit/537.36 (KHTML, like Gecko) Chrome/39.0.2171.95 Safari/537.36"
108.206.32.124 - - [08/Feb/2015:05:32:20 +0000] "GET /rest/api/latest/result/CDAP-DUT725-8?expand=jiraIssues%5B0%3A4%5D&returnUrl=https%3A%2F%2Fbuilds.cask.co%2Fchain%2Fresult%2FviewChainResult.action%3FplanKey%3DCDAP-DUT725%26buildNumber%3D8&_=1423373539647 HTTP/1.1" 200 2560 "http://builds.cask.co/browse/CDAP-DUT725-8" "Mozilla/5.0 (Macintosh; Intel Mac OS X 10_9_5) AppleWebKit/537.36 (KHTML, like Gecko) Chrome/39.0.2171.95 Safari/537.36"
108.206.32.124 - - [08/Feb/2015:05:32:20 +0000] "GET /s/en_US/4411/1/_/images/iconsv4/icon-build-queued.png HTTP/1.1" 200 225 "-" "Mozilla/5.0 (Macintosh; Intel Mac OS X 10_9_5) AppleWebKit/537.36 (KHTML, like Gecko) Chrome/39.0.2171.95 Safari/537.36"
108.206.32.124 - - [08/Feb/2015:05:32:24 +0000] "GET /rest/api/latest/server?_=1423373539648 HTTP/1.1" 200 45 "http://builds.cask.co/browse/CDAP-DUT725-8" "Mozilla/5.0 (Macintosh; Intel Mac OS X 10_9_5) AppleWebKit/537.36 (KHTML, like Gecko) Chrome/39.0.2171.95 Safari/537.36"
108.206.32.124 - - [08/Feb/2015:05:32:25 +0000] "GET /rest/api/latest/result/status/CDAP-DUT725-8?expand=stages.stage.results.result&_=1423373539649 HTTP/1.1" 200 828 "http://builds.cask.co/browse/CDAP-DUT725-8" "Mozilla/5.0 (Macintosh; Intel Mac OS X 10_9_5) AppleWebKit/537.36 (KHTML, like Gecko) Chrome/39.0.2171.95 Safari/537.36"
108.206.32.124 - - [08/Feb/2015:05:32:30 +0000] "GET /rest/api/latest/result/status/CDAP-DUT725-8?expand=stages.stage.results.result&_=1423373539650 HTTP/1.1" 200 1321 "http://builds.cask.co/browse/CDAP-DUT725-8" "Mozilla/5.0 (Macintosh; Intel Mac OS X 10_9_5) AppleWebKit/537.36 (KHTML, like Gecko) Chrome/39.0.2171.95 Safari/537.36"
108.206.32.124 - - [08/Feb/2015:05:32:30 +0000] "GET /browse/CDAP-DUT725-8 HTTP/1.1" 200 9194 "http://builds.cask.co/browse/CDAP-DUT725-8" "Mozilla/5.0 (Macintosh; Intel Mac OS X 10_9_5) AppleWebKit/537.36 (KHTML, like Gecko) Chrome/39.0.2171.95 Safari/537.36"
108.206.32.124 - - [08/Feb/2015:05:32:31 +0000] "GET /s/d41d8cd98f00b204e9800998ecf8427e-CDN/en_US/4411/1/5dddb6ea4dc4fd5569d992cf603f31e5/_/download/contextbatch2/css/atl.general,bamboo.result/batch.css HTTP/1.1" 304 - "http://builds.cask.co/browse/CDAP-DUT725-8" "Mozilla/5.0 (Macintosh; Intel Mac OS X 10_9_5) AppleWebKit/537.36 (KHTML, like Gecko) Chrome/39.0.2171.95 Safari/537.36"
69.181.160.120 - - [08/Feb/2015:05:32:31 +0000] "GET /ajax/planStatusHistoryNeighbouringSummaries.action?planKey=COOP-DBT&buildNumber=284&_=1423341312844 HTTP/1.1" 200 508 "http://builds.cask.co/browse/COOP-DBT-284/log" "Mozilla/5.0 (Macintosh; Intel Mac OS X 10_10_1) AppleWebKit/537.36 (KHTML, like Gecko) Chrome/38.0.2125.122 Safari/537.36"
108.206.32.124 - - [08/Feb/2015:05:32:31 +0000] "GET /s/edc17b4a2d83e91e89e6a342791fc7a8-CDN/en_US/4411/1/5dddb6ea4dc4fd5569d992cf603f31e5/_/download/contextbatch2/js/atl.general,bamboo.result/batch.js?locale=en-US HTTP/1.1" 304 - "http://builds.cask.co/browse/CDAP-DUT725-8" "Mozilla/5.0 (Macintosh; Intel Mac OS X 10_9_5) AppleWebKit/537.36 (KHTML, like Gecko) Chrome/39.0.2171.95 Safari/537.36"
108.206.32.124 - - [08/Feb/2015:05:32:31 +0000] "GET /s/d41d8cd98f00b204e9800998ecf8427e-T/en_US/4411/1/3.5.7/_/download/batch/com.atlassian.support.stp:stp-license-status-resources/com.atlassian.support.stp:stp-license-status-resources.css HTTP/1.1" 304 - "http://builds.cask.co/browse/CDAP-DUT725-8" "Mozilla/5.0 (Macintosh; Intel Mac OS X 10_9_5) AppleWebKit/537.36 (KHTML, like Gecko) Chrome/39.0.2171.95 Safari/537.36"
108.206.32.124 - - [08/Feb/2015:05:32:31 +0000] "GET /s/d41d8cd98f00b204e9800998ecf8427e-CDN/en_US/4411/1/1.0/_/download/batch/bamboo.web.resources:model-deployment-operations/bamboo.web.resources:model-deployment-operations.js HTTP/1.1" 304 - "http://builds.cask.co/browse/CDAP-DUT725-8" "Mozilla/5.0 (Macintosh; Intel Mac OS X 10_9_5) AppleWebKit/537.36 (KHTML, like Gecko) Chrome/39.0.2171.95 Safari/537.36"
108.206.32.124 - - [08/Feb/2015:05:32:31 +0000] "GET /s/d41d8cd98f00b204e9800998ecf8427e-CDN/en_US/4411/1/1.0/_/download/batch/bamboo.web.resources:base-model/bamboo.web.resources:base-model.js HTTP/1.1" 304 - "http://builds.cask.co/browse/CDAP-DUT725-8" "Mozilla/5.0 (Macintosh; Intel Mac OS X 10_9_5) AppleWebKit/537.36 (KHTML, like Gecko) Chrome/39.0.2171.95 Safari/537.36"
108.206.32.124 - - [08/Feb/2015:05:32:31 +0000] "GET /s/d41d8cd98f00b204e9800998ecf8427e-CDN/en_US/4411/1/1.0/_/download/batch/bamboo.web.resources:model-deployment-version/bamboo.web.resources:model-deployment-version.js HTTP/1.1" 304 - "http://builds.cask.co/browse/CDAP-DUT725-8" "Mozilla/5.0 (Macintosh; Intel Mac OS X 10_9_5) AppleWebKit/537.36 (KHTML, like Gecko) Chrome/39.0.2171.95 Safari/537.36"
108.206.32.124 - - [08/Feb/2015:05:32:31 +0000] "GET /s/d41d8cd98f00b204e9800998ecf8427e-CDN/en_US/4411/1/1.0/_/download/batch/bamboo.web.resources:model-deployment-result/bamboo.web.resources:model-deployment-result.js HTTP/1.1" 304 - "http://builds.cask.co/browse/CDAP-DUT725-8" "Mozilla/5.0 (Macintosh; Intel Mac OS X 10_9_5) AppleWebKit/537.36 (KHTML, like Gecko) Chrome/39.0.2171.95 Safari/537.36"
108.206.32.124 - - [08/Feb/2015:05:32:31 +0000] "GET /s/d41d8cd98f00b204e9800998ecf8427e-CDN/en_US/4411/1/1.0/_/download/batch/bamboo.web.resources:model-deployment-environment/bamboo.web.resources:model-deployment-environment.js HTTP/1.1" 304 - "http://builds.cask.co/browse/CDAP-DUT725-8" "Mozilla/5.0 (Macintosh; Intel Mac OS X 10_9_5) AppleWebKit/537.36 (KHTML, like Gecko) Chrome/39.0.2171.95 Safari/537.36"
108.206.32.124 - - [08/Feb/2015:05:32:31 +0000] "GET /s/d41d8cd98f00b204e9800998ecf8427e-CDN/en_US/4411/1/1.0/_/download/batch/bamboo.web.resources:model-deployment-project/bamboo.web.resources:model-deployment-project.js HTTP/1.1" 304 - "http://builds.cask.co/browse/CDAP-DUT725-8" "Mozilla/5.0 (Macintosh; Intel Mac OS X 10_9_5) AppleWebKit/537.36 (KHTML, like Gecko) Chrome/39.0.2171.95 Safari/537.36"
108.206.32.124 - - [08/Feb/2015:05:32:31 +0000] "GET /s/71095c56c641f2c4a4f189b9dfcd7a38-CDN/en_US/4411/1/5.6.2/_/download/batch/bamboo.deployments:deployment-project-list/bamboo.deployments:deployment-project-list.js?locale=en-US HTTP/1.1" 304 - "http://builds.cask.co/browse/CDAP-DUT725-8" "Mozilla/5.0 (Macintosh; Intel Mac OS X 10_9_5) AppleWebKit/537.36 (KHTML, like Gecko) Chrome/39.0.2171.95 Safari/537.36"
108.206.32.124 - - [08/Feb/2015:05:32:31 +0000] "GET /s/71095c56c641f2c4a4f189b9dfcd7a38-T/en_US/4411/1/3.5.7/_/download/batch/com.atlassian.support.stp:stp-license-status-resources/com.atlassian.support.stp:stp-license-status-resources.js?locale=en-US HTTP/1.1" 304 - "http://builds.cask.co/browse/CDAP-DUT725-8" "Mozilla/5.0 (Macintosh; Intel Mac OS X 10_9_5) AppleWebKit/537.36 (KHTML, like Gecko) Chrome/39.0.2171.95 Safari/537.36"
108.206.32.124 - - [08/Feb/2015:05:32:31 +0000] "GET /rest/pref/latest/user/?expand=preferences.preference HTTP/1.1" 200 409 "http://builds.cask.co/browse/CDAP-DUT725-8" "Mozilla/5.0 (Macintosh; Intel Mac OS X 10_9_5) AppleWebKit/537.36 (KHTML, like Gecko) Chrome/39.0.2171.95 Safari/537.36"
108.206.32.124 - - [08/Feb/2015:05:32:31 +0000] "GET /images/project-shortcut.png HTTP/1.1" 304 - "http://builds.cask.co/browse/CDAP-DUT725-8" "Mozilla/5.0 (Macintosh; Intel Mac OS X 10_9_5) AppleWebKit/537.36 (KHTML, like Gecko) Chrome/39.0.2171.95 Safari/537.36"
108.206.32.124 - - [08/Feb/2015:05:32:32 +0000] "GET /s/en_US/4411/1/5.4.4/_/download/resources/com.atlassian.auiplugin:aui-experimental-iconfont/atlassian-icons.woff HTTP/1.1" 304 - "http://builds.cask.co/s/d41d8cd98f00b204e9800998ecf8427e-CDN/en_US/4411/1/5dddb6ea4dc4fd5569d992cf603f31e5/_/download/contextbatch2/css/atl.general,bamboo.result/batch.css" "Mozilla/5.0 (Macintosh; Intel Mac OS X 10_9_5) AppleWebKit/537.36 (KHTML, like Gecko) Chrome/39.0.2171.95 Safari/537.36"
108.206.32.124 - - [08/Feb/2015:05:32:32 +0000] "GET /rest/api/latest/result/status/CDAP-DUT725-8?expand=stages.stage.results.result&_=1423373551774 HTTP/1.1" 200 1322 "http://builds.cask.co/browse/CDAP-DUT725-8" "Mozilla/5.0 (Macintosh; Intel Mac OS X 10_9_5) AppleWebKit/537.36 (KHTML, like Gecko) Chrome/39.0.2171.95 Safari/537.36"
108.206.32.124 - - [08/Feb/2015:05:32:32 +0000] "GET /s/en_US/4411/1/1.0/_/images/iconsv4/icon-building-06-blue.gif HTTP/1.1" 200 1557 "http://builds.cask.co/s/d41d8cd98f00b204e9800998ecf8427e-CDN/en_US/4411/1/5dddb6ea4dc4fd5569d992cf603f31e5/_/download/contextbatch2/css/atl.general,bamboo.result/batch.css" "Mozilla/5.0 (Macintosh; Intel Mac OS X 10_9_5) AppleWebKit/537.36 (KHTML, like Gecko) Chrome/39.0.2171.95 Safari/537.36"
108.206.32.124 - - [08/Feb/2015:05:32:32 +0000] "GET /s/en_US/4411/1/1.0/_/images/iconsv4/icon-plan-run.png HTTP/1.1" 304 - "http://builds.cask.co/browse/CDAP-DUT725-8" "Mozilla/5.0 (Macintosh; Intel Mac OS X 10_9_5) AppleWebKit/537.36 (KHTML, like Gecko) Chrome/39.0.2171.95 Safari/537.36"
108.206.32.124 - - [08/Feb/2015:05:32:32 +0000] "GET /rest/menu/latest/appswitcher?_=1423373551773 HTTP/1.1" 200 638 "http://builds.cask.co/browse/CDAP-DUT725-8" "Mozilla/5.0 (Macintosh; Intel Mac OS X 10_9_5) AppleWebKit/537.36 (KHTML, like Gecko) Chrome/39.0.2171.95 Safari/537.36"
108.206.32.124 - - [08/Feb/2015:05:32:32 +0000] "GET /s/en_US/4411/1/1.0/_/images/iconsv4/icon-building-06.gif HTTP/1.1" 200 1608 "http://builds.cask.co/s/d41d8cd98f00b204e9800998ecf8427e-CDN/en_US/4411/1/5dddb6ea4dc4fd5569d992cf603f31e5/_/download/contextbatch2/css/atl.general,bamboo.result/batch.css" "Mozilla/5.0 (Macintosh; Intel Mac OS X 10_9_5) AppleWebKit/537.36 (KHTML, like Gecko) Chrome/39.0.2171.95 Safari/537.36"
108.206.32.124 - - [08/Feb/2015:05:32:32 +0000] "GET /rest/nav-links-analytics-data/1.0/ HTTP/1.1" 200 20 "http://builds.cask.co/browse/CDAP-DUT725-8" "Mozilla/5.0 (Macintosh; Intel Mac OS X 10_9_5) AppleWebKit/537.36 (KHTML, like Gecko) Chrome/39.0.2171.95 Safari/537.36"
108.206.32.124 - - [08/Feb/2015:05:32:32 +0000] "GET /rest/api/latest/server?_=1423373551775 HTTP/1.1" 200 45 "http://builds.cask.co/browse/CDAP-DUT725-8" "Mozilla/5.0 (Macintosh; Intel Mac OS X 10_9_5) AppleWebKit/537.36 (KHTML, like Gecko) Chrome/39.0.2171.95 Safari/537.36"
108.206.32.124 - - [08/Feb/2015:05:32:32 +0000] "GET /rest/stp/1.0/license/status HTTP/1.1" 204 - "http://builds.cask.co/browse/CDAP-DUT725-8" "Mozilla/5.0 (Macintosh; Intel Mac OS X 10_9_5) AppleWebKit/537.36 (KHTML, like Gecko) Chrome/39.0.2171.95 Safari/537.36"
108.206.32.124 - - [08/Feb/2015:05:32:32 +0000] "GET /s/en_US/4411/1/_/flash/clippy.swf HTTP/1.1" 200 4276 "http://builds.cask.co/browse/CDAP-DUT725-8" "Mozilla/5.0 (Macintosh; Intel Mac OS X 10_9_5) AppleWebKit/537.36 (KHTML, like Gecko) Chrome/39.0.2171.95 Safari/537.36"
108.206.32.124 - - [08/Feb/2015:05:32:32 +0000] "GET /rest/api/latest/result/CDAP-DUT725-8?expand=jiraIssues%5B0%3A4%5D&returnUrl=https%3A%2F%2Fbuilds.cask.co%2Fchain%2Fresult%2FviewChainResult.action%3FplanKey%3DCDAP-DUT725%26buildNumber%3D8&_=1423373551776 HTTP/1.1" 200 2799 "http://builds.cask.co/browse/CDAP-DUT725-8" "Mozilla/5.0 (Macintosh; Intel Mac OS X 10_9_5) AppleWebKit/537.36 (KHTML, like Gecko) Chrome/39.0.2171.95 Safari/537.36"
108.206.32.124 - - [08/Feb/2015:05:32:32 +0000] "GET /rest/api/latest/result/CDAP-DUT725-JOB1-8?expand=logEntries%5B-25%3A%5D&max-results=25&_=1423373551777 HTTP/1.1" 200 5741 "http://builds.cask.co/browse/CDAP-DUT725-8" "Mozilla/5.0 (Macintosh; Intel Mac OS X 10_9_5) AppleWebKit/537.36 (KHTML, like Gecko) Chrome/39.0.2171.95 Safari/537.36"
108.206.32.124 - - [08/Feb/2015:05:32:32 +0000] "GET /s/en_US/4411/1/1.0/_/images/icons/wait.gif HTTP/1.1" 200 1553 "http://builds.cask.co/s/d41d8cd98f00b204e9800998ecf8427e-CDN/en_US/4411/1/5dddb6ea4dc4fd5569d992cf603f31e5/_/download/contextbatch2/css/atl.general,bamboo.result/batch.css" "Mozilla/5.0 (Macintosh; Intel Mac OS X 10_9_5) AppleWebKit/537.36 (KHTML, like Gecko) Chrome/39.0.2171.95 Safari/537.36"
108.206.32.124 - - [08/Feb/2015:05:32:32 +0000] "GET /s/en_US/4411/1/1.0/_/images/iconsv4/icon-build-successful.png HTTP/1.1" 304 - "http://builds.cask.co/browse/CDAP-DUT725-8" "Mozilla/5.0 (Macintosh; Intel Mac OS X 10_9_5) AppleWebKit/537.36 (KHTML, like Gecko) Chrome/39.0.2171.95 Safari/537.36"
108.206.32.124 - - [08/Feb/2015:05:32:32 +0000] "GET /s/en_US/4411/1/1.0/_/images/iconsv4/icon-build-failed.png HTTP/1.1" 304 - "http://builds.cask.co/browse/CDAP-DUT725-8" "Mozilla/5.0 (Macintosh; Intel Mac OS X 10_9_5) AppleWebKit/537.36 (KHTML, like Gecko) Chrome/39.0.2171.95 Safari/537.36"
108.206.32.124 - - [08/Feb/2015:05:32:32 +0000] "GET /s/en_US/4411/1/_/flash/clippy.swf HTTP/1.1" 304 - "http://builds.cask.co/browse/CDAP-DUT725-8" "Mozilla/5.0 (Macintosh; Intel Mac OS X 10_9_5) AppleWebKit/537.36 (KHTML, like Gecko) Chrome/39.0.2171.95 Safari/537.36"
108.206.32.124 - - [08/Feb/2015:05:32:32 +0000] "GET /s/en_US/4411/1/_/images/iconsv4/icon-building-static.png HTTP/1.1" 200 628 "http://builds.cask.co/browse/CDAP-DUT725-8" "Mozilla/5.0 (Macintosh; Intel Mac OS X 10_9_5) AppleWebKit/537.36 (KHTML, like Gecko) Chrome/39.0.2171.95 Safari/537.36"
108.206.32.124 - - [08/Feb/2015:05:32:37 +0000] "GET /rest/api/latest/server?_=1423373551778 HTTP/1.1" 200 45 "http://builds.cask.co/browse/CDAP-DUT725-8" "Mozilla/5.0 (Macintosh; Intel Mac OS X 10_9_5) AppleWebKit/537.36 (KHTML, like Gecko) Chrome/39.0.2171.95 Safari/537.36"
108.206.32.124 - - [08/Feb/2015:05:32:38 +0000] "GET /rest/api/latest/result/status/CDAP-DUT725-8?expand=stages.stage.results.result&_=1423373551779 HTTP/1.1" 200 1326 "http://builds.cask.co/browse/CDAP-DUT725-8" "Mozilla/5.0 (Macintosh; Intel Mac OS X 10_9_5) AppleWebKit/537.36 (KHTML, like Gecko) Chrome/39.0.2171.95 Safari/537.36"
108.206.32.124 - - [08/Feb/2015:05:32:38 +0000] "GET /rest/api/latest/result/CDAP-DUT725-JOB1-8?expand=logEntries%5B-25%3A%5D&max-results=25&_=1423373551780 HTTP/1.1" 200 5744 "http://builds.cask.co/browse/CDAP-DUT725-8" "Mozilla/5.0 (Macintosh; Intel Mac OS X 10_9_5) AppleWebKit/537.36 (KHTML, like Gecko) Chrome/39.0.2171.95 Safari/537.36"
108.206.32.124 - - [08/Feb/2015:05:32:44 +0000] "GET /rest/api/latest/result/status/CDAP-DUT725-8?expand=stages.stage.results.result&_=1423373551781 HTTP/1.1" 200 1325 "http://builds.cask.co/browse/CDAP-DUT725-8" "Mozilla/5.0 (Macintosh; Intel Mac OS X 10_9_5) AppleWebKit/537.36 (KHTML, like Gecko) Chrome/39.0.2171.95 Safari/537.36"
108.206.32.124 - - [08/Feb/2015:05:32:44 +0000] "GET /rest/api/latest/result/CDAP-DUT725-JOB1-8?expand=logEntries%5B-25%3A%5D&max-results=25&_=1423373551782 HTTP/1.1" 200 5744 "http://builds.cask.co/browse/CDAP-DUT725-8" "Mozilla/5.0 (Macintosh; Intel Mac OS X 10_9_5) AppleWebKit/537.36 (KHTML, like Gecko) Chrome/39.0.2171.95 Safari/537.36"
69.181.160.120 - - [08/Feb/2015:05:32:47 +0000] "GET /ajax/planStatusHistoryNeighbouringSummaries.action?planKey=COOP-DBT&buildNumber=284&_=1423341312845 HTTP/1.1" 200 508 "http://builds.cask.co/browse/COOP-DBT-284/log" "Mozilla/5.0 (Macintosh; Intel Mac OS X 10_10_1) AppleWebKit/537.36 (KHTML, like Gecko) Chrome/38.0.2125.122 Safari/537.36"
69.181.160.120 - - [08/Feb/2015:05:32:47 +0000] "GET /rest/api/latest/server?_=1423341312846 HTTP/1.1" 200 45 "http://builds.cask.co/browse/COOP-DBT-284/log" "Mozilla/5.0 (Macintosh; Intel Mac OS X 10_10_1) AppleWebKit/537.36 (KHTML, like Gecko) Chrome/38.0.2125.122 Safari/537.36"
108.206.32.124 - - [08/Feb/2015:05:32:50 +0000] "GET /rest/api/latest/result/status/CDAP-DUT725-8?expand=stages.stage.results.result&_=1423373551783 HTTP/1.1" 200 1325 "http://builds.cask.co/browse/CDAP-DUT725-8" "Mozilla/5.0 (Macintosh; Intel Mac OS X 10_9_5) AppleWebKit/537.36 (KHTML, like Gecko) Chrome/39.0.2171.95 Safari/537.36"
108.206.32.124 - - [08/Feb/2015:05:32:50 +0000] "GET /rest/api/latest/result/CDAP-DUT725-JOB1-8?expand=logEntries%5B-25%3A%5D&max-results=25&_=1423373551784 HTTP/1.1" 200 5744 "http://builds.cask.co/browse/CDAP-DUT725-8" "Mozilla/5.0 (Macintosh; Intel Mac OS X 10_9_5) AppleWebKit/537.36 (KHTML, like Gecko) Chrome/39.0.2171.95 Safari/537.36"
108.206.32.124 - - [08/Feb/2015:05:32:56 +0000] "GET /rest/api/latest/result/status/CDAP-DUT725-8?expand=stages.stage.results.result&_=1423373551785 HTTP/1.1" 200 1325 "http://builds.cask.co/browse/CDAP-DUT725-8" "Mozilla/5.0 (Macintosh; Intel Mac OS X 10_9_5) AppleWebKit/537.36 (KHTML, like Gecko) Chrome/39.0.2171.95 Safari/537.36"
108.206.32.124 - - [08/Feb/2015:05:32:56 +0000] "GET /rest/api/latest/result/CDAP-DUT725-JOB1-8?expand=logEntries%5B-25%3A%5D&max-results=25&_=1423373551786 HTTP/1.1" 200 5744 "http://builds.cask.co/browse/CDAP-DUT725-8" "Mozilla/5.0 (Macintosh; Intel Mac OS X 10_9_5) AppleWebKit/537.36 (KHTML, like Gecko) Chrome/39.0.2171.95 Safari/537.36"
108.206.32.124 - - [08/Feb/2015:05:33:02 +0000] "GET /rest/api/latest/result/status/CDAP-DUT725-8?expand=stages.stage.results.result&_=1423373551787 HTTP/1.1" 200 1325 "http://builds.cask.co/browse/CDAP-DUT725-8" "Mozilla/5.0 (Macintosh; Intel Mac OS X 10_9_5) AppleWebKit/537.36 (KHTML, like Gecko) Chrome/39.0.2171.95 Safari/537.36"
108.206.32.124 - - [08/Feb/2015:05:33:02 +0000] "GET /rest/api/latest/result/CDAP-DUT725-JOB1-8?expand=logEntries%5B-25%3A%5D&max-results=25&_=1423373551788 HTTP/1.1" 200 7379 "http://builds.cask.co/browse/CDAP-DUT725-8" "Mozilla/5.0 (Macintosh; Intel Mac OS X 10_9_5) AppleWebKit/537.36 (KHTML, like Gecko) Chrome/39.0.2171.95 Safari/537.36"
69.181.160.120 - - [08/Feb/2015:05:33:02 +0000] "GET /ajax/planStatusHistoryNeighbouringSummaries.action?planKey=COOP-DBT&buildNumber=284&_=1423341312847 HTTP/1.1" 200 508 "http://builds.cask.co/browse/COOP-DBT-284/log" "Mozilla/5.0 (Macintosh; Intel Mac OS X 10_10_1) AppleWebKit/537.36 (KHTML, like Gecko) Chrome/38.0.2125.122 Safari/537.36"
108.206.32.124 - - [08/Feb/2015:05:33:08 +0000] "GET /rest/api/latest/server?_=1423373551789 HTTP/1.1" 200 45 "http://builds.cask.co/browse/CDAP-DUT725-8" "Mozilla/5.0 (Macintosh; Intel Mac OS X 10_9_5) AppleWebKit/537.36 (KHTML, like Gecko) Chrome/39.0.2171.95 Safari/537.36"
108.206.32.124 - - [08/Feb/2015:05:33:08 +0000] "GET /rest/api/latest/result/status/CDAP-DUT725-8?expand=stages.stage.results.result&_=1423373551790 HTTP/1.1" 200 1325 "http://builds.cask.co/browse/CDAP-DUT725-8" "Mozilla/5.0 (Macintosh; Intel Mac OS X 10_9_5) AppleWebKit/537.36 (KHTML, like Gecko) Chrome/39.0.2171.95 Safari/537.36"
108.206.32.124 - - [08/Feb/2015:05:33:08 +0000] "GET /rest/api/latest/result/CDAP-DUT725-JOB1-8?expand=logEntries%5B-25%3A%5D&max-results=25&_=1423373551791 HTTP/1.1" 200 7379 "http://builds.cask.co/browse/CDAP-DUT725-8" "Mozilla/5.0 (Macintosh; Intel Mac OS X 10_9_5) AppleWebKit/537.36 (KHTML, like Gecko) Chrome/39.0.2171.95 Safari/537.36"
108.206.32.124 - - [08/Feb/2015:05:33:15 +0000] "GET /rest/api/latest/result/status/CDAP-DUT725-8?expand=stages.stage.results.result&_=1423373551792 HTTP/1.1" 200 1325 "http://builds.cask.co/browse/CDAP-DUT725-8" "Mozilla/5.0 (Macintosh; Intel Mac OS X 10_9_5) AppleWebKit/537.36 (KHTML, like Gecko) Chrome/39.0.2171.95 Safari/537.36"
108.206.32.124 - - [08/Feb/2015:05:33:15 +0000] "GET /rest/api/latest/result/CDAP-DUT725-JOB1-8?expand=logEntries%5B-25%3A%5D&max-results=25&_=1423373551793 HTTP/1.1" 200 7379 "http://builds.cask.co/browse/CDAP-DUT725-8" "Mozilla/5.0 (Macintosh; Intel Mac OS X 10_9_5) AppleWebKit/537.36 (KHTML, like Gecko) Chrome/39.0.2171.95 Safari/537.36"
69.181.160.120 - - [08/Feb/2015:05:33:17 +0000] "GET /rest/api/latest/server?_=1423341312848 HTTP/1.1" 200 45 "http://builds.cask.co/browse/COOP-DBT-284/log" "Mozilla/5.0 (Macintosh; Intel Mac OS X 10_10_1) AppleWebKit/537.36 (KHTML, like Gecko) Chrome/38.0.2125.122 Safari/537.36"
69.181.160.120 - - [08/Feb/2015:05:33:18 +0000] "GET /ajax/planStatusHistoryNeighbouringSummaries.action?planKey=COOP-DBT&buildNumber=284&_=1423341312849 HTTP/1.1" 200 508 "http://builds.cask.co/browse/COOP-DBT-284/log" "Mozilla/5.0 (Macintosh; Intel Mac OS X 10_10_1) AppleWebKit/537.36 (KHTML, like Gecko) Chrome/38.0.2125.122 Safari/537.36"
108.206.32.124 - - [08/Feb/2015:05:33:22 +0000] "GET /rest/api/latest/result/status/CDAP-DUT725-8?expand=stages.stage.results.result&_=1423373551794 HTTP/1.1" 200 1325 "http://builds.cask.co/browse/CDAP-DUT725-8" "Mozilla/5.0 (Macintosh; Intel Mac OS X 10_9_5) AppleWebKit/537.36 (KHTML, like Gecko) Chrome/39.0.2171.95 Safari/537.36"
108.206.32.124 - - [08/Feb/2015:05:33:22 +0000] "GET /rest/api/latest/result/CDAP-DUT725-JOB1-8?expand=logEntries%5B-25%3A%5D&max-results=25&_=1423373551795 HTTP/1.1" 200 7379 "http://builds.cask.co/browse/CDAP-DUT725-8" "Mozilla/5.0 (Macintosh; Intel Mac OS X 10_9_5) AppleWebKit/537.36 (KHTML, like Gecko) Chrome/39.0.2171.95 Safari/537.36"
108.206.32.124 - - [08/Feb/2015:05:33:28 +0000] "GET /rest/api/latest/result/status/CDAP-DUT725-8?expand=stages.stage.results.result&_=1423373551796 HTTP/1.1" 200 1423 "http://builds.cask.co/browse/CDAP-DUT725-8" "Mozilla/5.0 (Macintosh; Intel Mac OS X 10_9_5) AppleWebKit/537.36 (KHTML, like Gecko) Chrome/39.0.2171.95 Safari/537.36"
108.206.32.124 - - [08/Feb/2015:05:33:28 +0000] "GET /rest/api/latest/result/CDAP-DUT725-JOB1-8?expand=logEntries%5B-25%3A%5D&max-results=25&_=1423373551797 HTTP/1.1" 200 17991 "http://builds.cask.co/browse/CDAP-DUT725-8" "Mozilla/5.0 (Macintosh; Intel Mac OS X 10_9_5) AppleWebKit/537.36 (KHTML, like Gecko) Chrome/39.0.2171.95 Safari/537.36"
69.181.160.120 - - [08/Feb/2015:05:33:33 +0000] "GET /ajax/planStatusHistoryNeighbouringSummaries.action?planKey=COOP-DBT&buildNumber=284&_=1423341312850 HTTP/1.1" 200 508 "http://builds.cask.co/browse/COOP-DBT-284/log" "Mozilla/5.0 (Macintosh; Intel Mac OS X 10_10_1) AppleWebKit/537.36 (KHTML, like Gecko) Chrome/38.0.2125.122 Safari/537.36"
108.206.32.124 - - [08/Feb/2015:05:33:34 +0000] "GET /rest/api/latest/result/status/CDAP-DUT725-8?expand=stages.stage.results.result&_=1423373551798 HTTP/1.1" 200 1423 "http://builds.cask.co/browse/CDAP-DUT725-8" "Mozilla/5.0 (Macintosh; Intel Mac OS X 10_9_5) AppleWebKit/537.36 (KHTML, like Gecko) Chrome/39.0.2171.95 Safari/537.36"
108.206.32.124 - - [08/Feb/2015:05:33:35 +0000] "GET /rest/api/latest/result/CDAP-DUT725-JOB1-8?expand=logEntries%5B-25%3A%5D&max-results=25&_=1423373551799 HTTP/1.1" 200 17992 "http://builds.cask.co/browse/CDAP-DUT725-8" "Mozilla/5.0 (Macintosh; Intel Mac OS X 10_9_5) AppleWebKit/537.36 (KHTML, like Gecko) Chrome/39.0.2171.95 Safari/537.36"
108.206.32.124 - - [08/Feb/2015:05:33:39 +0000] "GET /rest/api/latest/server?_=1423373551800 HTTP/1.1" 200 45 "http://builds.cask.co/browse/CDAP-DUT725-8" "Mozilla/5.0 (Macintosh; Intel Mac OS X 10_9_5) AppleWebKit/537.36 (KHTML, like Gecko) Chrome/39.0.2171.95 Safari/537.36"
108.206.32.124 - - [08/Feb/2015:05:33:40 +0000] "GET /rest/api/latest/result/status/CDAP-DUT725-8?expand=stages.stage.results.result&_=1423373551801 HTTP/1.1" 200 1427 "http://builds.cask.co/browse/CDAP-DUT725-8" "Mozilla/5.0 (Macintosh; Intel Mac OS X 10_9_5) AppleWebKit/537.36 (KHTML, like Gecko) Chrome/39.0.2171.95 Safari/537.36"
108.206.32.124 - - [08/Feb/2015:05:33:41 +0000] "GET /rest/api/latest/result/CDAP-DUT725-JOB1-8?expand=logEntries%5B-25%3A%5D&max-results=25&_=1423373551802 HTTP/1.1" 200 8732 "http://builds.cask.co/browse/CDAP-DUT725-8" "Mozilla/5.0 (Macintosh; Intel Mac OS X 10_9_5) AppleWebKit/537.36 (KHTML, like Gecko) Chrome/39.0.2171.95 Safari/537.36"
108.206.32.124 - - [08/Feb/2015:05:33:46 +0000] "GET /rest/api/latest/result/status/CDAP-DUT725-8?expand=stages.stage.results.result&_=1423373551803 HTTP/1.1" 200 1426 "http://builds.cask.co/browse/CDAP-DUT725-8" "Mozilla/5.0 (Macintosh; Intel Mac OS X 10_9_5) AppleWebKit/537.36 (KHTML, like Gecko) Chrome/39.0.2171.95 Safari/537.36"
108.206.32.124 - - [08/Feb/2015:05:33:47 +0000] "GET /rest/api/latest/result/CDAP-DUT725-JOB1-8?expand=logEntries%5B-25%3A%5D&max-results=25&_=1423373551804 HTTP/1.1" 200 9283 "http://builds.cask.co/browse/CDAP-DUT725-8" "Mozilla/5.0 (Macintosh; Intel Mac OS X 10_9_5) AppleWebKit/537.36 (KHTML, like Gecko) Chrome/39.0.2171.95 Safari/537.36"
69.181.160.120 - - [08/Feb/2015:05:33:47 +0000] "GET /rest/api/latest/server?_=1423341312851 HTTP/1.1" 200 45 "http://builds.cask.co/browse/COOP-DBT-284/log" "Mozilla/5.0 (Macintosh; Intel Mac OS X 10_10_1) AppleWebKit/537.36 (KHTML, like Gecko) Chrome/38.0.2125.122 Safari/537.36"
69.181.160.120 - - [08/Feb/2015:05:33:49 +0000] "GET /ajax/planStatusHistoryNeighbouringSummaries.action?planKey=COOP-DBT&buildNumber=284&_=1423341312852 HTTP/1.1" 200 508 "http://builds.cask.co/browse/COOP-DBT-284/log" "Mozilla/5.0 (Macintosh; Intel Mac OS X 10_10_1) AppleWebKit/537.36 (KHTML, like Gecko) Chrome/38.0.2125.122 Safari/537.36"
108.206.32.124 - - [08/Feb/2015:05:33:53 +0000] "GET /rest/api/latest/result/status/CDAP-DUT725-8?expand=stages.stage.results.result&_=1423373551805 HTTP/1.1" 200 1425 "http://builds.cask.co/browse/CDAP-DUT725-8" "Mozilla/5.0 (Macintosh; Intel Mac OS X 10_9_5) AppleWebKit/537.36 (KHTML, like Gecko) Chrome/39.0.2171.95 Safari/537.36"
108.206.32.124 - - [08/Feb/2015:05:33:53 +0000] "GET /rest/api/latest/result/CDAP-DUT725-JOB1-8?expand=logEntries%5B-25%3A%5D&max-results=25&_=1423373551806 HTTP/1.1" 200 8967 "http://builds.cask.co/browse/CDAP-DUT725-8" "Mozilla/5.0 (Macintosh; Intel Mac OS X 10_9_5) AppleWebKit/537.36 (KHTML, like Gecko) Chrome/39.0.2171.95 Safari/537.36"
108.206.32.124 - - [08/Feb/2015:05:33:59 +0000] "GET /rest/api/latest/result/status/CDAP-DUT725-8?expand=stages.stage.results.result&_=1423373551807 HTTP/1.1" 200 1425 "http://builds.cask.co/browse/CDAP-DUT725-8" "Mozilla/5.0 (Macintosh; Intel Mac OS X 10_9_5) AppleWebKit/537.36 (KHTML, like Gecko) Chrome/39.0.2171.95 Safari/537.36"
108.206.32.124 - - [08/Feb/2015:05:33:59 +0000] "GET /rest/api/latest/result/CDAP-DUT725-JOB1-8?expand=logEntries%5B-25%3A%5D&max-results=25&_=1423373551808 HTTP/1.1" 200 9115 "http://builds.cask.co/browse/CDAP-DUT725-8" "Mozilla/5.0 (Macintosh; Intel Mac OS X 10_9_5) AppleWebKit/537.36 (KHTML, like Gecko) Chrome/39.0.2171.95 Safari/537.36"
69.181.160.120 - - [08/Feb/2015:05:34:05 +0000] "GET /ajax/planStatusHistoryNeighbouringSummaries.action?planKey=COOP-DBT&buildNumber=284&_=1423341312853 HTTP/1.1" 200 508 "http://builds.cask.co/browse/COOP-DBT-284/log" "Mozilla/5.0 (Macintosh; Intel Mac OS X 10_10_1) AppleWebKit/537.36 (KHTML, like Gecko) Chrome/38.0.2125.122 Safari/537.36"
108.206.32.124 - - [08/Feb/2015:05:34:05 +0000] "GET /rest/api/latest/result/status/CDAP-DUT725-8?expand=stages.stage.results.result&_=1423373551809 HTTP/1.1" 200 1426 "http://builds.cask.co/browse/CDAP-DUT725-8" "Mozilla/5.0 (Macintosh; Intel Mac OS X 10_9_5) AppleWebKit/537.36 (KHTML, like Gecko) Chrome/39.0.2171.95 Safari/537.36"
108.206.32.124 - - [08/Feb/2015:05:34:05 +0000] "GET /rest/api/latest/result/CDAP-DUT725-JOB1-8?expand=logEntries%5B-25%3A%5D&max-results=25&_=1423373551810 HTTP/1.1" 200 8281 "http://builds.cask.co/browse/CDAP-DUT725-8" "Mozilla/5.0 (Macintosh; Intel Mac OS X 10_9_5) AppleWebKit/537.36 (KHTML, like Gecko) Chrome/39.0.2171.95 Safari/537.36"
108.206.32.124 - - [08/Feb/2015:05:34:10 +0000] "GET /rest/api/latest/server?_=1423373551811 HTTP/1.1" 200 45 "http://builds.cask.co/browse/CDAP-DUT725-8" "Mozilla/5.0 (Macintosh; Intel Mac OS X 10_9_5) AppleWebKit/537.36 (KHTML, like Gecko) Chrome/39.0.2171.95 Safari/537.36"
108.206.32.124 - - [08/Feb/2015:05:34:11 +0000] "GET /rest/api/latest/result/status/CDAP-DUT725-8?expand=stages.stage.results.result&_=1423373551812 HTTP/1.1" 200 1426 "http://builds.cask.co/browse/CDAP-DUT725-8" "Mozilla/5.0 (Macintosh; Intel Mac OS X 10_9_5) AppleWebKit/537.36 (KHTML, like Gecko) Chrome/39.0.2171.95 Safari/537.36"
108.206.32.124 - - [08/Feb/2015:05:34:11 +0000] "GET /rest/api/latest/result/CDAP-DUT725-JOB1-8?expand=logEntries%5B-25%3A%5D&max-results=25&_=1423373551813 HTTP/1.1" 200 8720 "http://builds.cask.co/browse/CDAP-DUT725-8" "Mozilla/5.0 (Macintosh; Intel Mac OS X 10_9_5) AppleWebKit/537.36 (KHTML, like Gecko) Chrome/39.0.2171.95 Safari/537.36"
108.206.32.124 - - [08/Feb/2015:05:34:17 +0000] "GET /rest/api/latest/result/status/CDAP-DUT725-8?expand=stages.stage.results.result&_=1423373551814 HTTP/1.1" 200 1426 "http://builds.cask.co/browse/CDAP-DUT725-8" "Mozilla/5.0 (Macintosh; Intel Mac OS X 10_9_5) AppleWebKit/537.36 (KHTML, like Gecko) Chrome/39.0.2171.95 Safari/537.36"
108.206.32.124 - - [08/Feb/2015:05:34:17 +0000] "GET /rest/api/latest/result/CDAP-DUT725-JOB1-8?expand=logEntries%5B-25%3A%5D&max-results=25&_=1423373551815 HTTP/1.1" 200 8721 "http://builds.cask.co/browse/CDAP-DUT725-8" "Mozilla/5.0 (Macintosh; Intel Mac OS X 10_9_5) AppleWebKit/537.36 (KHTML, like Gecko) Chrome/39.0.2171.95 Safari/537.36"
69.181.160.120 - - [08/Feb/2015:05:34:17 +0000] "GET /rest/api/latest/server?_=1423341312854 HTTP/1.1" 200 45 "http://builds.cask.co/browse/COOP-DBT-284/log" "Mozilla/5.0 (Macintosh; Intel Mac OS X 10_10_1) AppleWebKit/537.36 (KHTML, like Gecko) Chrome/38.0.2125.122 Safari/537.36"
69.181.160.120 - - [08/Feb/2015:05:34:20 +0000] "GET /ajax/planStatusHistoryNeighbouringSummaries.action?planKey=COOP-DBT&buildNumber=284&_=1423341312855 HTTP/1.1" 200 508 "http://builds.cask.co/browse/COOP-DBT-284/log" "Mozilla/5.0 (Macintosh; Intel Mac OS X 10_10_1) AppleWebKit/537.36 (KHTML, like Gecko) Chrome/38.0.2125.122 Safari/537.36"
108.206.32.124 - - [08/Feb/2015:05:34:23 +0000] "GET /rest/api/latest/result/status/CDAP-DUT725-8?expand=stages.stage.results.result&_=1423373551816 HTTP/1.1" 200 1426 "http://builds.cask.co/browse/CDAP-DUT725-8" "Mozilla/5.0 (Macintosh; Intel Mac OS X 10_9_5) AppleWebKit/537.36 (KHTML, like Gecko) Chrome/39.0.2171.95 Safari/537.36"
108.206.32.124 - - [08/Feb/2015:05:34:23 +0000] "GET /rest/api/latest/result/CDAP-DUT725-JOB1-8?expand=logEntries%5B-25%3A%5D&max-results=25&_=1423373551817 HTTP/1.1" 200 9762 "http://builds.cask.co/browse/CDAP-DUT725-8" "Mozilla/5.0 (Macintosh; Intel Mac OS X 10_9_5) AppleWebKit/537.36 (KHTML, like Gecko) Chrome/39.0.2171.95 Safari/537.36"
108.206.32.124 - - [08/Feb/2015:05:34:29 +0000] "GET /rest/api/latest/result/status/CDAP-DUT725-8?expand=stages.stage.results.result&_=1423373551818 HTTP/1.1" 200 1425 "http://builds.cask.co/browse/CDAP-DUT725-8" "Mozilla/5.0 (Macintosh; Intel Mac OS X 10_9_5) AppleWebKit/537.36 (KHTML, like Gecko) Chrome/39.0.2171.95 Safari/537.36"
108.206.32.124 - - [08/Feb/2015:05:34:29 +0000] "GET /rest/api/latest/result/CDAP-DUT725-JOB1-8?expand=logEntries%5B-25%3A%5D&max-results=25&_=1423373551819 HTTP/1.1" 200 9864 "http://builds.cask.co/browse/CDAP-DUT725-8" "Mozilla/5.0 (Macintosh; Intel Mac OS X 10_9_5) AppleWebKit/537.36 (KHTML, like Gecko) Chrome/39.0.2171.95 Safari/537.36"
108.206.32.124 - - [08/Feb/2015:05:34:35 +0000] "GET /rest/api/latest/result/status/CDAP-DUT725-8?expand=stages.stage.results.result&_=1423373551820 HTTP/1.1" 200 1424 "http://builds.cask.co/browse/CDAP-DUT725-8" "Mozilla/5.0 (Macintosh; Intel Mac OS X 10_9_5) AppleWebKit/537.36 (KHTML, like Gecko) Chrome/39.0.2171.95 Safari/537.36"
108.206.32.124 - - [08/Feb/2015:05:34:35 +0000] "GET /rest/api/latest/result/CDAP-DUT725-JOB1-8?expand=logEntries%5B-25%3A%5D&max-results=25&_=1423373551821 HTTP/1.1" 200 9865 "http://builds.cask.co/browse/CDAP-DUT725-8" "Mozilla/5.0 (Macintosh; Intel Mac OS X 10_9_5) AppleWebKit/537.36 (KHTML, like Gecko) Chrome/39.0.2171.95 Safari/537.36"
69.181.160.120 - - [08/Feb/2015:05:34:36 +0000] "GET /ajax/planStatusHistoryNeighbouringSummaries.action?planKey=COOP-DBT&buildNumber=284&_=1423341312856 HTTP/1.1" 200 508 "http://builds.cask.co/browse/COOP-DBT-284/log" "Mozilla/5.0 (Macintosh; Intel Mac OS X 10_10_1) AppleWebKit/537.36 (KHTML, like Gecko) Chrome/38.0.2125.122 Safari/537.36"
108.206.32.124 - - [08/Feb/2015:05:34:41 +0000] "GET /rest/api/latest/server?_=1423373551822 HTTP/1.1" 200 45 "http://builds.cask.co/browse/CDAP-DUT725-8" "Mozilla/5.0 (Macintosh; Intel Mac OS X 10_9_5) AppleWebKit/537.36 (KHTML, like Gecko) Chrome/39.0.2171.95 Safari/537.36"
108.206.32.124 - - [08/Feb/2015:05:34:42 +0000] "GET /rest/api/latest/result/status/CDAP-DUT725-8?expand=stages.stage.results.result&_=1423373551823 HTTP/1.1" 200 1424 "http://builds.cask.co/browse/CDAP-DUT725-8" "Mozilla/5.0 (Macintosh; Intel Mac OS X 10_9_5) AppleWebKit/537.36 (KHTML, like Gecko) Chrome/39.0.2171.95 Safari/537.36"
